[CONFIG] pair_feature_version=v3 dim=40
[graphsage/finetune/source/human] epoch=001 loss=0.7110 val_aupr=0.5597 val_auc=0.5615
[graphsage/finetune/source/human] epoch=002 loss=0.7318 val_aupr=0.6168 val_auc=0.6192
[graphsage/finetune/source/human] epoch=003 loss=0.7052 val_aupr=0.8351 val_auc=0.8128
[graphsage/finetune/source/human] epoch=007 loss=0.6875 val_aupr=0.8550 val_auc=0.8439
[graphsage/finetune/source/cow] epoch=001 loss=0.7074 val_aupr=0.6373 val_auc=0.6140
[graphsage/finetune/source/cow] epoch=002 loss=0.7079 val_aupr=0.8306 val_auc=0.8102
[graphsage/finetune/source/cow] epoch=003 loss=0.6989 val_aupr=0.8332 val_auc=0.8099
[graphsage/finetune/source/cow] epoch=007 loss=0.6760 val_aupr=0.8570 val_auc=0.8483
[graphsage/finetune/source/cow] epoch=008 loss=0.6670 val_aupr=0.8735 val_auc=0.8701
[graphsage/finetune/finetune/human->human] epoch=001 loss=0.6813 val_aupr=0.8272 val_auc=0.8153
[graphsage/finetune/finetune/human->human] epoch=002 loss=0.6781 val_aupr=0.8638 val_auc=0.8565
[graphsage/finetune/finetune/human->human] epoch=003 loss=0.6736 val_aupr=0.8676 val_auc=0.8630
[graphsage/finetune/finetune/human->human] epoch=004 loss=0.6690 val_aupr=0.8697 val_auc=0.8644
[RESULT] graphsage/finetune human->human AUC=0.8651 AUPR=0.8655 F1=0.7798 MCC=0.5683 thr=0.4931
[graphsage/finetune/finetune/human->cow] epoch=001 loss=0.6779 val_aupr=0.8619 val_auc=0.8472
[graphsage/finetune/finetune/human->cow] epoch=002 loss=0.6739 val_aupr=0.8786 val_auc=0.8692
[graphsage/finetune/finetune/human->cow] epoch=003 loss=0.6677 val_aupr=0.8906 val_auc=0.8857
[graphsage/finetune/finetune/human->cow] epoch=004 loss=0.6629 val_aupr=0.8952 val_auc=0.8930
[graphsage/finetune/finetune/human->cow] epoch=005 loss=0.6542 val_aupr=0.8955 val_auc=0.8947
[RESULT] graphsage/finetune human->cow AUC=0.8736 AUPR=0.8761 F1=0.7779 MCC=0.5892 thr=0.4934
[graphsage/finetune/finetune/cow->human] epoch=001 loss=0.6669 val_aupr=0.8550 val_auc=0.8517
[RESULT] graphsage/finetune cow->human AUC=0.8492 AUPR=0.8546 F1=0.7160 MCC=0.5220 thr=0.5422
[graphsage/finetune/finetune/cow->cow] epoch=001 loss=0.6553 val_aupr=0.8686 val_auc=0.8644
[RESULT] graphsage/finetune cow->cow AUC=0.8531 AUPR=0.8530 F1=0.7473 MCC=0.5333 thr=0.4972
Saved GNN transfer run to: /mnt/d/Projects/GProject/GraphMMI/final_exp/exp3/A_edges/result/20260519-013117
