[CONFIG] pair_feature_version=v3 dim=40
[graphsage/finetune/source/human] epoch=001 loss=0.7110 val_aupr=0.5602 val_auc=0.5616
[graphsage/finetune/source/human] epoch=002 loss=0.7320 val_aupr=0.6146 val_auc=0.6174
[graphsage/finetune/source/human] epoch=003 loss=0.7052 val_aupr=0.8271 val_auc=0.8038
[graphsage/finetune/source/human] epoch=007 loss=0.6872 val_aupr=0.8339 val_auc=0.8202
[graphsage/finetune/source/cow] epoch=001 loss=0.7074 val_aupr=0.6123 val_auc=0.5909
[graphsage/finetune/source/cow] epoch=002 loss=0.7083 val_aupr=0.8193 val_auc=0.7966
[graphsage/finetune/source/cow] epoch=003 loss=0.6988 val_aupr=0.8226 val_auc=0.7963
[graphsage/finetune/finetune/human->human] epoch=001 loss=0.6808 val_aupr=0.7891 val_auc=0.7802
[graphsage/finetune/finetune/human->human] epoch=002 loss=0.6774 val_aupr=0.8120 val_auc=0.7983
[RESULT] graphsage/finetune human->human AUC=0.7928 AUPR=0.7982 F1=0.6593 MCC=0.4440 thr=0.4943
[graphsage/finetune/finetune/human->cow] epoch=001 loss=0.6774 val_aupr=0.8308 val_auc=0.8095
[RESULT] graphsage/finetune human->cow AUC=0.7812 AUPR=0.8061 F1=0.6914 MCC=0.4607 thr=0.4743
[graphsage/finetune/finetune/cow->human] epoch=001 loss=0.6912 val_aupr=0.7209 val_auc=0.7145
[graphsage/finetune/finetune/cow->human] epoch=002 loss=0.6884 val_aupr=0.7980 val_auc=0.7840
[graphsage/finetune/finetune/cow->human] epoch=003 loss=0.6851 val_aupr=0.8133 val_auc=0.7978
[RESULT] graphsage/finetune cow->human AUC=0.7939 AUPR=0.8008 F1=0.6611 MCC=0.4680 thr=0.5219
[graphsage/finetune/finetune/cow->cow] epoch=001 loss=0.6880 val_aupr=0.7846 val_auc=0.7601
[graphsage/finetune/finetune/cow->cow] epoch=002 loss=0.6852 val_aupr=0.8182 val_auc=0.7937
[graphsage/finetune/finetune/cow->cow] epoch=003 loss=0.6790 val_aupr=0.8330 val_auc=0.8117
[RESULT] graphsage/finetune cow->cow AUC=0.7941 AUPR=0.8154 F1=0.7088 MCC=0.5053 thr=0.5150
Saved GNN transfer run to: /mnt/d/Projects/GProject/GraphMMI/final_exp/exp3/A_edges/result/20260519-011322
