[CONFIG] pair_feature_version=v3 dim=40
[graphsage/finetune/source/human] epoch=001 loss=0.7110 val_aupr=0.5597 val_auc=0.5612
[graphsage/finetune/source/human] epoch=002 loss=0.7318 val_aupr=0.6164 val_auc=0.6188
[graphsage/finetune/source/human] epoch=003 loss=0.7052 val_aupr=0.8346 val_auc=0.8121
[graphsage/finetune/source/human] epoch=007 loss=0.6876 val_aupr=0.8525 val_auc=0.8403
[graphsage/finetune/source/human] epoch=013 loss=0.6655 val_aupr=0.8533 val_auc=0.8422
[graphsage/finetune/source/human] epoch=014 loss=0.6634 val_aupr=0.8570 val_auc=0.8463
[graphsage/finetune/source/cow] epoch=001 loss=0.7074 val_aupr=0.6364 val_auc=0.6134
[graphsage/finetune/source/cow] epoch=002 loss=0.7080 val_aupr=0.8278 val_auc=0.8064
[graphsage/finetune/source/cow] epoch=003 loss=0.6990 val_aupr=0.8298 val_auc=0.8049
[graphsage/finetune/source/cow] epoch=007 loss=0.6783 val_aupr=0.8381 val_auc=0.8166
[graphsage/finetune/source/cow] epoch=008 loss=0.6723 val_aupr=0.8620 val_auc=0.8442
[graphsage/finetune/source/cow] epoch=009 loss=0.6666 val_aupr=0.8721 val_auc=0.8564
[graphsage/finetune/source/cow] epoch=010 loss=0.6619 val_aupr=0.8752 val_auc=0.8607
[graphsage/finetune/source/cow] epoch=011 loss=0.6559 val_aupr=0.8755 val_auc=0.8611
[graphsage/finetune/source/cow] epoch=013 loss=0.6416 val_aupr=0.8771 val_auc=0.8637
[graphsage/finetune/source/cow] epoch=014 loss=0.6342 val_aupr=0.8822 val_auc=0.8713
[graphsage/finetune/source/cow] epoch=015 loss=0.6233 val_aupr=0.8851 val_auc=0.8765
[graphsage/finetune/finetune/human->human] epoch=001 loss=0.6595 val_aupr=0.8263 val_auc=0.8150
[graphsage/finetune/finetune/human->human] epoch=002 loss=0.6561 val_aupr=0.8363 val_auc=0.8248
[graphsage/finetune/finetune/human->human] epoch=003 loss=0.6520 val_aupr=0.8526 val_auc=0.8428
[graphsage/finetune/finetune/human->human] epoch=004 loss=0.6427 val_aupr=0.8557 val_auc=0.8475
[RESULT] graphsage/finetune human->human AUC=0.8516 AUPR=0.8563 F1=0.7401 MCC=0.5391 thr=0.5252
[graphsage/finetune/finetune/human->cow] epoch=001 loss=0.6565 val_aupr=0.8603 val_auc=0.8423
[graphsage/finetune/finetune/human->cow] epoch=002 loss=0.6498 val_aupr=0.8614 val_auc=0.8434
[graphsage/finetune/finetune/human->cow] epoch=003 loss=0.6466 val_aupr=0.8695 val_auc=0.8535
[graphsage/finetune/finetune/human->cow] epoch=004 loss=0.6403 val_aupr=0.8751 val_auc=0.8615
[graphsage/finetune/finetune/human->cow] epoch=005 loss=0.6315 val_aupr=0.8767 val_auc=0.8638
[RESULT] graphsage/finetune human->cow AUC=0.8434 AUPR=0.8596 F1=0.7612 MCC=0.5761 thr=0.5323
[graphsage/finetune/finetune/cow->human] epoch=001 loss=0.6297 val_aupr=0.8561 val_auc=0.8470
[RESULT] graphsage/finetune cow->human AUC=0.8533 AUPR=0.8576 F1=0.7542 MCC=0.5531 thr=0.5331
[graphsage/finetune/finetune/cow->cow] epoch=001 loss=0.6148 val_aupr=0.8789 val_auc=0.8678
[graphsage/finetune/finetune/cow->cow] epoch=002 loss=0.6181 val_aupr=0.8834 val_auc=0.8746
[graphsage/finetune/finetune/cow->cow] epoch=003 loss=0.6020 val_aupr=0.8848 val_auc=0.8775
[RESULT] graphsage/finetune cow->cow AUC=0.8584 AUPR=0.8667 F1=0.7642 MCC=0.5910 thr=0.5635
Saved GNN transfer run to: /mnt/d/Projects/GProject/GraphMMI/final_exp/exp3/A_edges/result/20260519-012327
